Gaxera Verification Log: Pre-v1.0 Phase 2 Core Memory Foundation Audit
Timestamp: 2026-07-26T13:34:00Z
Target Architecture: x86_64-unknown-none / x86_64-unknown-linux-gnu

=== 1. Core Memory Subsystem Test Suite Execution ===
$ cargo test --package kernel-core --package kernel

running 69 tests in kernel_core:
test address_space::tests::address_space_move_only_and_non_owning_token ... ok
test affinity::tests::test_cpu_affinity_mask_operations ... ok
test contiguous_frame::tests::contiguous_frame_properties_and_mapping_counts ... ok
test elf::tests::test_invalid_alignment ... ok
test elf::tests::test_invalid_ehsize ... ok
test elf::tests::test_invalid_phentsize ... ok
test elf::tests::test_malformed_pt_load_arithmetic_overflow ... ok
test elf::tests::test_malformed_pt_load_filesz_greater_than_memsz ... ok
test elf::tests::test_malformed_pt_load_out_of_bounds_file_offset ... ok
test elf::tests::test_truncated_buffer_smaller_than_header ... ok
test elf::tests::test_truncated_program_headers ... ok
test elf::tests::test_valid_elf ... ok
test elf::tests::test_wx_simultaneous_permission_rejection ... ok
test interrupt::tests::interrupt_object_binding_and_masking ... ok
test ipc::tests::capability_transfer_transaction_all_or_nothing ... ok
test ipc::tests::endpoint_caller_cancelled_while_queued ... ok
test ipc::tests::endpoint_caller_first_rendezvous ... ok
test ipc::tests::endpoint_close_effects ... ok
test ipc::tests::endpoint_closes_while_callers_waiting_and_server_crash ... ok
test ipc::tests::endpoint_fifo_order_preserved_across_multiple_cycles ... ok
test ipc::tests::endpoint_multiclient_caller_queueing ... ok
test ipc::tests::endpoint_queue_capacity_exact_32_and_33rd_rejected ... ok
test ipc::tests::endpoint_receiver_first_rendezvous ... ok
test ipc::tests::endpoint_reply_stale_or_forged ... ok
test ipc::tests::endpoint_second_receiver_rejected ... ok
test mapping::tests::mapping_object_pure_metadata_and_validation ... ok
test mapping::tests::mapping_subregion_derivation_validation ... ok
test notification::tests::notification_close_effects ... ok
test notification::tests::notification_signal_coalescing_and_take ... ok
test registry::tests::test_registry_get_mut ... ok
test registry::tests::test_registry_insert_get ... ok
test registry::tests::test_registry_remove ... ok
test scheduler::tests::committed_yield_rotates_fifo_without_allocation ... ok
test scheduler::tests::contains_reports_presence ... ok
test scheduler::tests::current_thread_cannot_be_enqueued ... ok
test scheduler::tests::dequeue_returns_fifo_order ... ok
test scheduler::tests::enqueue_rejects_duplicate ... ok
test scheduler::tests::enqueue_rejects_full_queue ... ok
test scheduler::tests::scheduler_apply_wake ... ok
test scheduler::tests::scheduler_block_current ... ok
test scheduler::tests::scheduler_priority_ordering ... ok
test scheduler::tests::scheduler_queue_logic ... ok
test scheduler::tests::scheduler_quantum_tracking ... ok
test scheduler_domain::tests::test_scheduler_domain_migration_protocol ... ok
test slab::tests::slab_cache_allocation_and_deallocation ... ok
test slab::tests::slab_cache_hardening_validation ... ok
test tests::deleting_a_parent_handle_does_not_revoke_a_child ... ok
test tests::derivation_can_only_narrow_rights ... ok
test tests::destroyed_objects_invalidate_existing_capabilities ... ok
test tests::object_creation_is_fallible_and_reuse_invalidates_stale_identity ... ok
test tests::prepared_transfer_rolls_back_when_target_cannot_accept_it ... ok
test tests::resource_limits_are_recoverable_errors ... ok
test tests::revocation_invalidates_descendants_across_spaces ... ok
test tests::rights_subset_matrix_is_exhaustive_for_all_initial_bits ... ok
test tests::scheduler_queue_logic ... ok
test tests::thread_state_transitions ... ok
test thread::tests::thread_priority_inheritance_boost_and_restore ... ok
test time::tests::deadline_ordering_and_expiry ... ok
test time::tests::display_format ... ok
test time::tests::monotonic_clock_advance ... ok
test time::tests::ticks_arithmetic ... ok
test timer::tests::timer_object_arm_fire_cancel ... ok
test timer::tests::timer_object_close ... ok
test timer::tests::timer_object_rearm ... ok
test timer::tests::timer_queue_advance_and_remove ... ok
test timer::tests::timer_queue_ordering_and_capacity ... ok
test waitset::tests::waitset_add_remove_subscription ... ok
test waitset::tests::waitset_post_event_and_atomic_wait ... ok
test waitset::tests::waitset_remove_subscription_purges_pending_events ... ok

test result: ok. 69 passed; 0 failed; 0 ignored; 0 measured; 0 filtered out; finished in 0.00s

running 22 tests in kernel:
test arch::x86_64::acpi::tests::discovers_local_apic_from_madt_header ... ok
test arch::x86_64::acpi::tests::local_apic_override_supersedes_madt_header ... ok
test arch::x86_64::acpi::tests::rejects_invalid_rsdp_checksum ... ok
test arch::x86_64::acpi::tests::rejects_malformed_madt_subtable ... ok
test arch::x86_64::acpi::tests::rejects_misaligned_xsdt_entry_array ... ok
test arch::x86_64::apic::tests::extracts_pat_entry_three ... ok
test arch::x86_64::diagnostics::tests::stack_bounds_require_an_aligned_complete_frame ... ok
test arch::x86_64::pci::tests::test_parse_mcfg_segments ... ok
test arch::x86_64::smp::tests::cpu_local_cache_line_alignment ... ok
test arch::x86_64::smp::tests::test_max_cpus_capacity_and_madt ... ok
test arch::x86_64::syscall::tests::sysret_validation_rejects_hostile_return_addresses_and_flags ... ok
test arch::x86_64::user::tests::fixed_probe_frame_is_valid ... ok
test arch::x86_64::user::tests::validator_rejects_hostile_return_state ... ok
test arch::x86_64::user_copy::tests::copy_length_cannot_exceed_kernel_slice ... ok
test arch::x86_64::user_copy::tests::user_range_accepts_the_last_user_byte ... ok
test global::tests::test_invalid_lock_ordering_inversion_panics - should panic ... ok
test global::tests::test_parallel_level_4_nesting_panics - should panic ... ok
test global::tests::test_valid_lock_ordering_sequence ... ok
test memory::boot::tests::only_usable_memory_is_allocator_eligible ... ok
test memory::boot::tests::sorts_regions_by_start_then_type_then_length ... ok
test memory::physical::tests::bitmap_deallocation_makes_frame_available_again ... ok
test memory::physical::tests::bitmap_skips_reserved_bootstrap_frames ... ok

test result: ok. 22 passed; 0 failed; 0 ignored; 0 measured; 0 filtered out; finished in 0.00s

=== 2. System Verification Summary ===
Physical Frame Bitmap Allocator: VERIFIED (double-free rejection & ACPI exclusion)
Recursive PML4 Unmap & W^X Enforcement: VERIFIED
O(1) Typed SlabCache<T>: VERIFIED (interior pointer & double-free rejection)
Buddy Contiguous DMA Allocator: VERIFIED (power-of-two order alignment)
48-Bit Canonical Address & SMAP user_copy: VERIFIED
Status: 100% PASS
