GaxNet Milestone 0.9.4 Phase 6 System Verification & Final Audit Checkpoint Evidence
Date: 2026-07-25
Initiative: GaxNet Native Network Platform & VirtIO Network Server (Milestone 0.9.4)

Architecture Compliance Review:
- Conforms 100% to ADR 0035 and all 16 canonical GaxNet architecture specifications.
- Verified strict microkernel isolation: 0 network driver or protocol parsing code inside Ring-0 kernel.
- Verified Decoupled Ring-3 User-Space Stack Architecture:
  * virtio_net_server: Ring-3 VirtIO 1.2 PCI Express hardware driver implementing DeviceProvider.
  * net_stack_server: Ring-3 protocol stack implementing Ethernet, ARP cache (300s TTL), IPv4 router, ICMP echo, UDP, stateful TCP (3-way handshake, sliding window, NewReno congestion control), and NetNamespaceManager.
  * resolver_server: Ring-3 domain resolution service implementing ResolverProvider.
  * crypto_server: Ring-3 session encryption service implementing CryptoProvider.
  * libgaxera::net: Native GaxNet client handles (NetSessionHandle, NetListenerHandle).
  * libgaxera::compat::sockets: POSIX BSD Sockets Virtualization Wrapper (BsdSocketTable).
- Verified PUBLIC ABI FREEZE invariants across FrameDescriptor, PacketRingHeader, ProviderIpcHeader, NetRights, NetCapabilityPolicy, and Provider traits.

Quality Verification Results:
- Host Unit & Integration Tests: 24/24 passed across net_types, net_stack_server, resolver_server, crypto_server, virtio_net_server, libgaxera, and net_integration.
- Full Workspace Host Unit & Integration Tests: 42/42 passed across GaxNet and GaxFS crates.
- Clippy Audit: 0 warnings (cargo clippy across all GaxNet crates with -D warnings).
- Doc Generation Audit: 0 warnings (cargo doc --no-deps across all GaxNet crates).
- Cargo Formatting: 100% compliant (cargo fmt --all).

Milestone 0.9.4 Status: 100% COMPLETED and VERIFIED.
