Gaxera Verification Log: Pre-v1.0 Phase 3 Capability Engine & Revocation Matrix Audit
Timestamp: 2026-07-26T14:25:00Z
Target Architecture: x86_64-unknown-none / x86_64-unknown-linux-gnu

=== 1. Capability Engine Test Suite Execution ===
$ cargo test --package kernel-core

running 71 tests in kernel_core:
test address_space::tests::address_space_move_only_and_non_owning_token ... ok
test affinity::tests::test_cpu_affinity_mask_operations ... ok
test contiguous_frame::tests::contiguous_frame_properties_and_mapping_counts ... ok
test elf::tests::test_invalid_alignment ... ok
test elf::tests::test_invalid_ehsize ... ok
test elf::tests::test_invalid_phentsize ... ok
test elf::tests::test_malformed_pt_load_arithmetic_overflow ... ok
test elf::tests::test_malformed_pt_load_filesz_greater_than_memsz ... ok
test elf::tests::test_malformed_pt_load_out_of_bounds_file_offset ... ok
test elf::tests::test_truncated_buffer_smaller_than_header ... ok
test elf::tests::test_truncated_program_headers ... ok
test elf::tests::test_valid_elf ... ok
test elf::tests::test_wx_simultaneous_permission_rejection ... ok
test interrupt::tests::interrupt_object_binding_and_masking ... ok
test ipc::tests::capability_transfer_transaction_all_or_nothing ... ok
test ipc::tests::endpoint_caller_cancelled_while_queued ... ok
test ipc::tests::endpoint_caller_first_rendezvous ... ok
test ipc::tests::endpoint_close_effects ... ok
test ipc::tests::endpoint_closes_while_callers_waiting_and_server_crash ... ok
test ipc::tests::endpoint_fifo_order_preserved_across_multiple_cycles ... ok
test ipc::tests::endpoint_multiclient_caller_queueing ... ok
test ipc::tests::endpoint_queue_capacity_exact_32_and_33rd_rejected ... ok
test ipc::tests::endpoint_receiver_first_rendezvous ... ok
test ipc::tests::endpoint_reply_stale_or_forged ... ok
test ipc::tests::endpoint_second_receiver_rejected ... ok
test mapping::tests::mapping_object_pure_metadata_and_validation ... ok
test mapping::tests::mapping_subregion_derivation_validation ... ok
test notification::tests::notification_close_effects ... ok
test notification::tests::notification_signal_coalescing_and_take ... ok
test registry::tests::test_registry_get_mut ... ok
test registry::tests::test_registry_insert_get ... ok
test registry::tests::test_registry_remove ... ok
test scheduler::tests::committed_yield_rotates_fifo_without_allocation ... ok
test scheduler::tests::contains_reports_presence ... ok
test scheduler::tests::current_thread_cannot_be_enqueued ... ok
test scheduler::tests::dequeue_returns_fifo_order ... ok
test scheduler::tests::enqueue_rejects_duplicate ... ok
test scheduler::tests::enqueue_rejects_full_queue ... ok
test scheduler::tests::scheduler_apply_wake ... ok
test scheduler::tests::scheduler_block_current ... ok
test scheduler::tests::scheduler_priority_ordering ... ok
test scheduler::tests::scheduler_queue_logic ... ok
test scheduler::tests::scheduler_quantum_tracking ... ok
test scheduler_domain::tests::test_scheduler_domain_migration_protocol ... ok
test slab::tests::slab_cache_allocation_and_deallocation ... ok
test slab::tests::slab_cache_hardening_validation ... ok
test tests::deleting_a_parent_handle_does_not_revoke_a_child ... ok
test tests::derivation_can_only_narrow_rights ... ok
test tests::destroyed_objects_invalidate_existing_capabilities ... ok
test tests::generational_handle_invalidation_prevents_stale_access ... ok
test tests::object_creation_is_fallible_and_reuse_invalidates_stale_identity ... ok
test tests::prepared_transfer_rolls_back_when_target_cannot_accept_it ... ok
test tests::resource_limits_are_recoverable_errors ... ok
test tests::revocation_invalidates_descendants_across_spaces ... ok
test tests::rights_subset_matrix_is_exhaustive_for_all_initial_bits ... ok
test tests::scheduler_queue_logic ... ok
test tests::thread_state_transitions ... ok
test tests::three_tier_cascade_revocation_across_spaces ... ok
test thread::tests::thread_priority_inheritance_boost_and_restore ... ok
test time::tests::deadline_ordering_and_expiry ... ok
test time::tests::display_format ... ok
test time::tests::monotonic_clock_advance ... ok
test time::tests::ticks_arithmetic ... ok
test timer::tests::timer_object_arm_fire_cancel ... ok
test timer::tests::timer_object_close ... ok
test timer::tests::timer_object_rearm ... ok
test timer::tests::timer_queue_advance_and_remove ... ok
test timer::tests::timer_queue_ordering_and_capacity ... ok
test waitset::tests::waitset_add_remove_subscription ... ok
test waitset::tests::waitset_post_event_and_atomic_wait ... ok
test waitset::tests::waitset_remove_subscription_purges_pending_events ... ok

test result: ok. 71 passed; 0 failed; 0 ignored; 0 measured; 0 filtered out; finished in 0.00s

=== 2. System Verification Summary ===
Rights Subset Attenuation Matrix: VERIFIED (rights escalation rejected)
Multi-Tier Cascade Revocation: VERIFIED (ancestor revocation invalidates descendants across CSpaces)
Generational Handle Invalidation: VERIFIED (stale handle access rejected)
Object Destruction Handling: VERIFIED (destroyed objects invalidate all handles)
Transactional Transfer Rollback: VERIFIED (atomic rollback on capacity failure)
Status: 100% PASS
